55.55.55.55 Failed login
55.55.55.55 Failed login
55.55.55.55 Failed login
55.55.55.55 Failed login
55.55.55.55 Failed login
55.55.55.55 SELECT * FROM users